Archive member included to satisfy reference by file (symbol)

/usr/bin/../lib/gcc/arm-none-eabi/6.3.1/thumb/v7e-m/libgcc.a(_arm_addsubsf3.o)
                              /tmp/ccvSFMVT.o (__aeabi_fsub)
/usr/bin/../lib/gcc/arm-none-eabi/6.3.1/thumb/v7e-m/libgcc.a(_arm_muldivsf3.o)
                              /tmp/ccvSFMVT.o (__aeabi_fmul)
/usr/bin/../lib/gcc/arm-none-eabi/6.3.1/thumb/v7e-m/libgcc.a(_arm_fixunssfsi.o)
                              /tmp/ccvSFMVT.o (__aeabi_f2uiz)
/usr/bin/../lib/gcc/arm-none-eabi/6.3.1/../../../../arm-none-eabi/lib/thumb/v7e-m/libc.a(lib_a-exit.o)
                              /usr/bin/../lib/gcc/arm-none-eabi/6.3.1/../../../../arm-none-eabi/lib/thumb/v7e-m/crt0.o (exit)
/usr/bin/../lib/gcc/arm-none-eabi/6.3.1/../../../../arm-none-eabi/lib/thumb/v7e-m/libc.a(lib_a-impure.o)
                              /usr/bin/../lib/gcc/arm-none-eabi/6.3.1/../../../../arm-none-eabi/lib/thumb/v7e-m/libc.a(lib_a-exit.o) (_global_impure_ptr)
/usr/bin/../lib/gcc/arm-none-eabi/6.3.1/../../../../arm-none-eabi/lib/thumb/v7e-m/libc.a(lib_a-init.o)
                              /usr/bin/../lib/gcc/arm-none-eabi/6.3.1/../../../../arm-none-eabi/lib/thumb/v7e-m/crt0.o (__libc_init_array)
/usr/bin/../lib/gcc/arm-none-eabi/6.3.1/../../../../arm-none-eabi/lib/thumb/v7e-m/libc.a(lib_a-memset.o)
                              /usr/bin/../lib/gcc/arm-none-eabi/6.3.1/../../../../arm-none-eabi/lib/thumb/v7e-m/crt0.o (memset)
/usr/bin/../lib/gcc/arm-none-eabi/6.3.1/../../../../arm-none-eabi/lib/thumb/v7e-m/libc.a(lib_a-__call_atexit.o)
                              /usr/bin/../lib/gcc/arm-none-eabi/6.3.1/../../../../arm-none-eabi/lib/thumb/v7e-m/libc.a(lib_a-exit.o) (__call_exitprocs)
/usr/bin/../lib/gcc/arm-none-eabi/6.3.1/../../../../arm-none-eabi/lib/thumb/v7e-m/libc.a(lib_a-atexit.o)
                              /usr/bin/../lib/gcc/arm-none-eabi/6.3.1/../../../../arm-none-eabi/lib/thumb/v7e-m/libc.a(lib_a-__call_atexit.o) (atexit)
/usr/bin/../lib/gcc/arm-none-eabi/6.3.1/../../../../arm-none-eabi/lib/thumb/v7e-m/libc.a(lib_a-fini.o)
                              /usr/bin/../lib/gcc/arm-none-eabi/6.3.1/../../../../arm-none-eabi/lib/thumb/v7e-m/libc.a(lib_a-__call_atexit.o) (__libc_fini_array)
/usr/bin/../lib/gcc/arm-none-eabi/6.3.1/../../../../arm-none-eabi/lib/thumb/v7e-m/libc.a(lib_a-lock.o)
                              /usr/bin/../lib/gcc/arm-none-eabi/6.3.1/../../../../arm-none-eabi/lib/thumb/v7e-m/libc.a(lib_a-__call_atexit.o) (__retarget_lock_acquire_recursive)
/usr/bin/../lib/gcc/arm-none-eabi/6.3.1/../../../../arm-none-eabi/lib/thumb/v7e-m/libc.a(lib_a-__atexit.o)
                              /usr/bin/../lib/gcc/arm-none-eabi/6.3.1/../../../../arm-none-eabi/lib/thumb/v7e-m/libc.a(lib_a-atexit.o) (__register_exitproc)
/usr/bin/../lib/gcc/arm-none-eabi/6.3.1/../../../../arm-none-eabi/lib/thumb/v7e-m/libnosys.a(_exit.o)
                              /usr/bin/../lib/gcc/arm-none-eabi/6.3.1/../../../../arm-none-eabi/lib/thumb/v7e-m/libc.a(lib_a-exit.o) (_exit)

Allocating common symbols
Common symbol       size              file

__lock___atexit_recursive_mutex
                    0x1               /usr/bin/../lib/gcc/arm-none-eabi/6.3.1/../../../../arm-none-eabi/lib/thumb/v7e-m/libc.a(lib_a-lock.o)
__lock___arc4random_mutex
                    0x1               /usr/bin/../lib/gcc/arm-none-eabi/6.3.1/../../../../arm-none-eabi/lib/thumb/v7e-m/libc.a(lib_a-lock.o)
__lock___env_recursive_mutex
                    0x1               /usr/bin/../lib/gcc/arm-none-eabi/6.3.1/../../../../arm-none-eabi/lib/thumb/v7e-m/libc.a(lib_a-lock.o)
__lock___sinit_recursive_mutex
                    0x1               /usr/bin/../lib/gcc/arm-none-eabi/6.3.1/../../../../arm-none-eabi/lib/thumb/v7e-m/libc.a(lib_a-lock.o)
__lock___malloc_recursive_mutex
                    0x1               /usr/bin/../lib/gcc/arm-none-eabi/6.3.1/../../../../arm-none-eabi/lib/thumb/v7e-m/libc.a(lib_a-lock.o)
buffer              0xa               /tmp/cc45HTuO.o
__lock___at_quick_exit_mutex
                    0x1               /usr/bin/../lib/gcc/arm-none-eabi/6.3.1/../../../../arm-none-eabi/lib/thumb/v7e-m/libc.a(lib_a-lock.o)
__lock___dd_hash_mutex
                    0x1               /usr/bin/../lib/gcc/arm-none-eabi/6.3.1/../../../../arm-none-eabi/lib/thumb/v7e-m/libc.a(lib_a-lock.o)
__lock___tz_mutex   0x1               /usr/bin/../lib/gcc/arm-none-eabi/6.3.1/../../../../arm-none-eabi/lib/thumb/v7e-m/libc.a(lib_a-lock.o)
__lock___sfp_recursive_mutex
                    0x1               /usr/bin/../lib/gcc/arm-none-eabi/6.3.1/../../../../arm-none-eabi/lib/thumb/v7e-m/libc.a(lib_a-lock.o)

Memory Configuration

Name             Origin             Length             Attributes
MAIN_FLASH       0x0000000000000000 0x0000000000040000 xr
INFO_FLASH       0x0000000000200000 0x0000000000004000 xr
SRAM_CODE        0x0000000001000000 0x0000000000010000 xrw
SRAM_DATA        0x0000000020000000 0x0000000000010000 rw
*default*        0x0000000000000000 0xffffffffffffffff

Linker script and memory map

LOAD /usr/bin/../lib/gcc/arm-none-eabi/6.3.1/thumb/v7e-m/crti.o
LOAD /usr/bin/../lib/gcc/arm-none-eabi/6.3.1/thumb/v7e-m/crtbegin.o
LOAD /usr/bin/../lib/gcc/arm-none-eabi/6.3.1/../../../../arm-none-eabi/lib/thumb/v7e-m/crt0.o
LOAD /tmp/cc45HTuO.o
LOAD /tmp/ccDp0qd5.o
LOAD /tmp/ccstKZ1l.o
LOAD /tmp/ccukhuVC.o
LOAD /tmp/ccvSFMVT.o
START GROUP
LOAD /usr/bin/../lib/gcc/arm-none-eabi/6.3.1/thumb/v7e-m/libgcc.a
LOAD /usr/bin/../lib/gcc/arm-none-eabi/6.3.1/../../../../arm-none-eabi/lib/thumb/v7e-m/libc.a
END GROUP
START GROUP
LOAD /usr/bin/../lib/gcc/arm-none-eabi/6.3.1/thumb/v7e-m/libgcc.a
LOAD /usr/bin/../lib/gcc/arm-none-eabi/6.3.1/../../../../arm-none-eabi/lib/thumb/v7e-m/libc.a
LOAD /usr/bin/../lib/gcc/arm-none-eabi/6.3.1/../../../../arm-none-eabi/lib/thumb/v7e-m/libnosys.a
END GROUP
LOAD /usr/bin/../lib/gcc/arm-none-eabi/6.3.1/thumb/v7e-m/crtend.o
LOAD /usr/bin/../lib/gcc/arm-none-eabi/6.3.1/thumb/v7e-m/crtn.o
                0x0000000000000000                PROVIDE (_intvecs_base_address, DEFINED (_intvecs_base_address)?_intvecs_base_address:0x0)

.intvecs        0x0000000000000000      0x140
 *(.intvecs)
 .intvecs       0x0000000000000000      0x140 /tmp/ccukhuVC.o
                0x0000000000000000                interruptVectors
                0x0000000000200000                PROVIDE (_mailbox_base_address, 0x200000)

.flashMailbox
 *(.flashMailbox)
                0x0000000000201000                PROVIDE (_tlv_base_address, 0x201000)

.tlvTable
 *(.tlvTable)
                0x0000000000202000                PROVIDE (_bsl_base_address, 0x202000)

.bslArea
 *(.bslArea)
                0x0000000020000000                PROVIDE (_vtable_base_address, DEFINED (_vtable_base_address)?_vtable_base_address:0x20000000)

.vtable
 *(.vtable)

.text           0x0000000000000140      0xe14
 CREATE_OBJECT_SYMBOLS
 *(.text)
 .text          0x0000000000000140        0x0 /usr/bin/../lib/gcc/arm-none-eabi/6.3.1/thumb/v7e-m/crti.o
 .text          0x0000000000000140       0x6c /usr/bin/../lib/gcc/arm-none-eabi/6.3.1/thumb/v7e-m/crtbegin.o
 .text          0x00000000000001ac       0x74 /usr/bin/../lib/gcc/arm-none-eabi/6.3.1/../../../../arm-none-eabi/lib/thumb/v7e-m/crt0.o
                0x00000000000001ac                _mainCRTStartup
                0x00000000000001ac                _start
 .text          0x0000000000000220       0xb4 /tmp/cc45HTuO.o
                0x0000000000000220                main
 .text          0x00000000000002d4       0xac /tmp/ccDp0qd5.o
                0x00000000000002d4                set_value
                0x00000000000002f6                clear_value
                0x0000000000000312                get_value
                0x000000000000032e                set_all
                0x0000000000000364                clear_all
 .text          0x0000000000000380        0x0 /tmp/ccstKZ1l.o
 .text          0x0000000000000380        0x0 /tmp/ccukhuVC.o
 .text          0x0000000000000380      0x37c /tmp/ccvSFMVT.o
                0x0000000000000380                SystemCoreClockUpdate
                0x0000000000000694                SystemInit
 .text          0x00000000000006fc      0x21c /usr/bin/../lib/gcc/arm-none-eabi/6.3.1/thumb/v7e-m/libgcc.a(_arm_addsubsf3.o)
                0x00000000000006fc                __aeabi_frsub
                0x0000000000000704                __subsf3
                0x0000000000000704                __aeabi_fsub
                0x0000000000000708                __aeabi_fadd
                0x0000000000000708                __addsf3
                0x0000000000000868                __aeabi_ui2f
                0x0000000000000868                __floatunsisf
                0x0000000000000870                __aeabi_i2f
                0x0000000000000870                __floatsisf
                0x000000000000088c                __floatundisf
                0x000000000000088c                __aeabi_ul2f
                0x000000000000089c                __floatdisf
                0x000000000000089c                __aeabi_l2f
 .text          0x0000000000000918      0x2a0 /usr/bin/../lib/gcc/arm-none-eabi/6.3.1/thumb/v7e-m/libgcc.a(_arm_muldivsf3.o)
                0x0000000000000918                __mulsf3
                0x0000000000000918                __aeabi_fmul
                0x0000000000000a80                __divsf3
                0x0000000000000a80                __aeabi_fdiv
 .text          0x0000000000000bb8       0x40 /usr/bin/../lib/gcc/arm-none-eabi/6.3.1/thumb/v7e-m/libgcc.a(_arm_fixunssfsi.o)
                0x0000000000000bb8                __aeabi_f2uiz
                0x0000000000000bb8                __fixunssfsi
 .text          0x0000000000000bf8        0x0 /usr/bin/../lib/gcc/arm-none-eabi/6.3.1/../../../../arm-none-eabi/lib/thumb/v7e-m/libc.a(lib_a-exit.o)
 .text          0x0000000000000bf8        0x0 /usr/bin/../lib/gcc/arm-none-eabi/6.3.1/../../../../arm-none-eabi/lib/thumb/v7e-m/libc.a(lib_a-impure.o)
 .text          0x0000000000000bf8        0x0 /usr/bin/../lib/gcc/arm-none-eabi/6.3.1/../../../../arm-none-eabi/lib/thumb/v7e-m/libc.a(lib_a-init.o)
 .text          0x0000000000000bf8        0x0 /usr/bin/../lib/gcc/arm-none-eabi/6.3.1/../../../../arm-none-eabi/lib/thumb/v7e-m/libc.a(lib_a-memset.o)
 .text          0x0000000000000bf8        0x0 /usr/bin/../lib/gcc/arm-none-eabi/6.3.1/../../../../arm-none-eabi/lib/thumb/v7e-m/libc.a(lib_a-__call_atexit.o)
 .text          0x0000000000000bf8        0x0 /usr/bin/../lib/gcc/arm-none-eabi/6.3.1/../../../../arm-none-eabi/lib/thumb/v7e-m/libc.a(lib_a-atexit.o)
 .text          0x0000000000000bf8        0x0 /usr/bin/../lib/gcc/arm-none-eabi/6.3.1/../../../../arm-none-eabi/lib/thumb/v7e-m/libc.a(lib_a-fini.o)
 .text          0x0000000000000bf8        0x0 /usr/bin/../lib/gcc/arm-none-eabi/6.3.1/../../../../arm-none-eabi/lib/thumb/v7e-m/libc.a(lib_a-lock.o)
 .text          0x0000000000000bf8        0x0 /usr/bin/../lib/gcc/arm-none-eabi/6.3.1/../../../../arm-none-eabi/lib/thumb/v7e-m/libc.a(lib_a-__atexit.o)
 .text          0x0000000000000bf8        0x0 /usr/bin/../lib/gcc/arm-none-eabi/6.3.1/../../../../arm-none-eabi/lib/thumb/v7e-m/libnosys.a(_exit.o)
 .text          0x0000000000000bf8        0x0 /usr/bin/../lib/gcc/arm-none-eabi/6.3.1/thumb/v7e-m/crtend.o
 .text          0x0000000000000bf8        0x0 /usr/bin/../lib/gcc/arm-none-eabi/6.3.1/thumb/v7e-m/crtn.o
 *(.text.*)
 .text.exit     0x0000000000000bf8       0x20 /usr/bin/../lib/gcc/arm-none-eabi/6.3.1/../../../../arm-none-eabi/lib/thumb/v7e-m/libc.a(lib_a-exit.o)
                0x0000000000000bf8                exit
 .text.__libc_init_array
                0x0000000000000c18       0x50 /usr/bin/../lib/gcc/arm-none-eabi/6.3.1/../../../../arm-none-eabi/lib/thumb/v7e-m/libc.a(lib_a-init.o)
                0x0000000000000c18                __libc_init_array
 .text.memset   0x0000000000000c68       0x9c /usr/bin/../lib/gcc/arm-none-eabi/6.3.1/../../../../arm-none-eabi/lib/thumb/v7e-m/libc.a(lib_a-memset.o)
                0x0000000000000c68                memset
 .text.startup.register_fini
                0x0000000000000d04       0x14 /usr/bin/../lib/gcc/arm-none-eabi/6.3.1/../../../../arm-none-eabi/lib/thumb/v7e-m/libc.a(lib_a-__call_atexit.o)
 .text.__call_exitprocs
                0x0000000000000d18       0xe8 /usr/bin/../lib/gcc/arm-none-eabi/6.3.1/../../../../arm-none-eabi/lib/thumb/v7e-m/libc.a(lib_a-__call_atexit.o)
                0x0000000000000d18                __call_exitprocs
 .text.atexit   0x0000000000000e00        0xc /usr/bin/../lib/gcc/arm-none-eabi/6.3.1/../../../../arm-none-eabi/lib/thumb/v7e-m/libc.a(lib_a-atexit.o)
                0x0000000000000e00                atexit
 .text.__libc_fini_array
                0x0000000000000e0c       0x34 /usr/bin/../lib/gcc/arm-none-eabi/6.3.1/../../../../arm-none-eabi/lib/thumb/v7e-m/libc.a(lib_a-fini.o)
                0x0000000000000e0c                __libc_fini_array
 .text.__retarget_lock_init
                0x0000000000000e40        0x4 /usr/bin/../lib/gcc/arm-none-eabi/6.3.1/../../../../arm-none-eabi/lib/thumb/v7e-m/libc.a(lib_a-lock.o)
                0x0000000000000e40                __retarget_lock_init
 .text.__retarget_lock_init_recursive
                0x0000000000000e44        0x4 /usr/bin/../lib/gcc/arm-none-eabi/6.3.1/../../../../arm-none-eabi/lib/thumb/v7e-m/libc.a(lib_a-lock.o)
                0x0000000000000e44                __retarget_lock_init_recursive
 .text.__retarget_lock_close
                0x0000000000000e48        0x4 /usr/bin/../lib/gcc/arm-none-eabi/6.3.1/../../../../arm-none-eabi/lib/thumb/v7e-m/libc.a(lib_a-lock.o)
                0x0000000000000e48                __retarget_lock_close
 .text.__retarget_lock_close_recursive
                0x0000000000000e4c        0x4 /usr/bin/../lib/gcc/arm-none-eabi/6.3.1/../../../../arm-none-eabi/lib/thumb/v7e-m/libc.a(lib_a-lock.o)
                0x0000000000000e4c                __retarget_lock_close_recursive
 .text.__retarget_lock_acquire
                0x0000000000000e50        0x4 /usr/bin/../lib/gcc/arm-none-eabi/6.3.1/../../../../arm-none-eabi/lib/thumb/v7e-m/libc.a(lib_a-lock.o)
                0x0000000000000e50                __retarget_lock_acquire
 .text.__retarget_lock_acquire_recursive
                0x0000000000000e54        0x4 /usr/bin/../lib/gcc/arm-none-eabi/6.3.1/../../../../arm-none-eabi/lib/thumb/v7e-m/libc.a(lib_a-lock.o)
                0x0000000000000e54                __retarget_lock_acquire_recursive
 .text.__retarget_lock_try_acquire
                0x0000000000000e58        0x4 /usr/bin/../lib/gcc/arm-none-eabi/6.3.1/../../../../arm-none-eabi/lib/thumb/v7e-m/libc.a(lib_a-lock.o)
                0x0000000000000e58                __retarget_lock_try_acquire
 .text.__retarget_lock_try_acquire_recursive
                0x0000000000000e5c        0x4 /usr/bin/../lib/gcc/arm-none-eabi/6.3.1/../../../../arm-none-eabi/lib/thumb/v7e-m/libc.a(lib_a-lock.o)
                0x0000000000000e5c                __retarget_lock_try_acquire_recursive
 .text.__retarget_lock_release
                0x0000000000000e60        0x4 /usr/bin/../lib/gcc/arm-none-eabi/6.3.1/../../../../arm-none-eabi/lib/thumb/v7e-m/libc.a(lib_a-lock.o)
                0x0000000000000e60                __retarget_lock_release
 .text.__retarget_lock_release_recursive
                0x0000000000000e64        0x4 /usr/bin/../lib/gcc/arm-none-eabi/6.3.1/../../../../arm-none-eabi/lib/thumb/v7e-m/libc.a(lib_a-lock.o)
                0x0000000000000e64                __retarget_lock_release_recursive
 .text.__register_exitproc
                0x0000000000000e68       0xc4 /usr/bin/../lib/gcc/arm-none-eabi/6.3.1/../../../../arm-none-eabi/lib/thumb/v7e-m/libc.a(lib_a-__atexit.o)
                0x0000000000000e68                __register_exitproc
 .text._exit    0x0000000000000f2c        0x4 /usr/bin/../lib/gcc/arm-none-eabi/6.3.1/../../../../arm-none-eabi/lib/thumb/v7e-m/libnosys.a(_exit.o)
                0x0000000000000f2c                _exit
                0x0000000000000f30                . = ALIGN (0x4)
 *(.ctors)
                0x0000000000000f30                . = ALIGN (0x4)
 *(.dtors)
                0x0000000000000f30                . = ALIGN (0x4)
                0x0000000000000f30                __init_array_start = .
 *(.init_array*)
 .init_array    0x0000000000000f30        0x4 /usr/bin/../lib/gcc/arm-none-eabi/6.3.1/thumb/v7e-m/crtbegin.o
 .init_array.00000
                0x0000000000000f34        0x4 /usr/bin/../lib/gcc/arm-none-eabi/6.3.1/../../../../arm-none-eabi/lib/thumb/v7e-m/libc.a(lib_a-__call_atexit.o)
                0x0000000000000f38                __init_array_end = .
 *(.init)
 .init          0x0000000000000f38        0x4 /usr/bin/../lib/gcc/arm-none-eabi/6.3.1/thumb/v7e-m/crti.o
                0x0000000000000f38                _init
 .init          0x0000000000000f3c        0x8 /usr/bin/../lib/gcc/arm-none-eabi/6.3.1/thumb/v7e-m/crtn.o
 *(.fini*)
 .fini          0x0000000000000f44        0x4 /usr/bin/../lib/gcc/arm-none-eabi/6.3.1/thumb/v7e-m/crti.o
                0x0000000000000f44                _fini
 .fini_array    0x0000000000000f48        0x4 /usr/bin/../lib/gcc/arm-none-eabi/6.3.1/thumb/v7e-m/crtbegin.o
 .fini          0x0000000000000f4c        0x8 /usr/bin/../lib/gcc/arm-none-eabi/6.3.1/thumb/v7e-m/crtn.o

.glue_7         0x0000000000000f54        0x0
 .glue_7        0x0000000000000f54        0x0 linker stubs

.glue_7t        0x0000000000000f54        0x0
 .glue_7t       0x0000000000000f54        0x0 linker stubs

.vfp11_veneer   0x0000000000000f54        0x0
 .vfp11_veneer  0x0000000000000f54        0x0 linker stubs

.v4_bx          0x0000000000000f54        0x0
 .v4_bx         0x0000000000000f54        0x0 linker stubs

.iplt           0x0000000000000f54        0x0
 .iplt          0x0000000000000f54        0x0 /usr/bin/../lib/gcc/arm-none-eabi/6.3.1/thumb/v7e-m/crtbegin.o

.text:Reset_Handler
                0x0000000000000f54       0x6c
 .text:Reset_Handler
                0x0000000000000f54       0x6c /tmp/ccstKZ1l.o
                0x0000000000000f54                Reset_Handler

.text:NMI_Handler
                0x0000000000000fc0        0xe
 .text:NMI_Handler
                0x0000000000000fc0        0xe /tmp/ccstKZ1l.o
                0x0000000000000fc0                NMI_Handler

.text:HardFault_Handler
                0x0000000000000fce        0xe
 .text:HardFault_Handler
                0x0000000000000fce        0xe /tmp/ccstKZ1l.o
                0x0000000000000fce                HardFault_Handler

.text:Default_Handler
                0x0000000000000fdc        0xe
 .text:Default_Handler
                0x0000000000000fdc        0xe /tmp/ccstKZ1l.o
                0x0000000000000fdc                CS_IRQHandler
                0x0000000000000fdc                DebugMon_Handler
                0x0000000000000fdc                AES256_IRQHandler
                0x0000000000000fdc                SysTick_Handler
                0x0000000000000fdc                PendSV_Handler
                0x0000000000000fdc                RTC_C_IRQHandler
                0x0000000000000fdc                PORT1_IRQHandler
                0x0000000000000fdc                FPU_IRQHandler
                0x0000000000000fdc                PORT2_IRQHandler
                0x0000000000000fdc                TA3_0_IRQHandler
                0x0000000000000fdc                UsageFault_Handler
                0x0000000000000fdc                DMA_INT3_IRQHandler
                0x0000000000000fdc                TA2_0_IRQHandler
                0x0000000000000fdc                DMA_INT1_IRQHandler
                0x0000000000000fdc                WDT_A_IRQHandler
                0x0000000000000fdc                TA2_N_IRQHandler
                0x0000000000000fdc                TA1_0_IRQHandler
                0x0000000000000fdc                PSS_IRQHandler
                0x0000000000000fdc                DMA_INT2_IRQHandler
                0x0000000000000fdc                EUSCIA3_IRQHandler
                0x0000000000000fdc                DMA_INT0_IRQHandler
                0x0000000000000fdc                PORT4_IRQHandler
                0x0000000000000fdc                PORT5_IRQHandler
                0x0000000000000fdc                EUSCIB0_IRQHandler
                0x0000000000000fdc                Default_Handler
                0x0000000000000fdc                T32_INTC_IRQHandler
                0x0000000000000fdc                TA3_N_IRQHandler
                0x0000000000000fdc                TA0_0_IRQHandler
                0x0000000000000fdc                EUSCIA2_IRQHandler
                0x0000000000000fdc                PORT6_IRQHandler
                0x0000000000000fdc                PORT3_IRQHandler
                0x0000000000000fdc                MemManage_Handler
                0x0000000000000fdc                SVC_Handler
                0x0000000000000fdc                TA1_N_IRQHandler
                0x0000000000000fdc                EUSCIA1_IRQHandler
                0x0000000000000fdc                COMP_E1_IRQHandler
                0x0000000000000fdc                EUSCIB2_IRQHandler
                0x0000000000000fdc                FLCTL_IRQHandler
                0x0000000000000fdc                EUSCIB3_IRQHandler
                0x0000000000000fdc                T32_INT1_IRQHandler
                0x0000000000000fdc                ADC14_IRQHandler
                0x0000000000000fdc                DMA_ERR_IRQHandler
                0x0000000000000fdc                EUSCIA0_IRQHandler
                0x0000000000000fdc                BusFault_Handler
                0x0000000000000fdc                PCM_IRQHandler
                0x0000000000000fdc                TA0_N_IRQHandler
                0x0000000000000fdc                COMP_E0_IRQHandler
                0x0000000000000fdc                EUSCIB1_IRQHandler
                0x0000000000000fdc                T32_INT2_IRQHandler

.rodata         0x0000000000000fec        0x4
 *(.rodata)
 *(.rodata.*)
 .rodata._global_impure_ptr
                0x0000000000000fec        0x4 /usr/bin/../lib/gcc/arm-none-eabi/6.3.1/../../../../arm-none-eabi/lib/thumb/v7e-m/libc.a(lib_a-impure.o)
                0x0000000000000fec                _global_impure_ptr

.eh_frame       0x0000000000000ff0        0x4
 .eh_frame      0x0000000000000ff0        0x0 /usr/bin/../lib/gcc/arm-none-eabi/6.3.1/thumb/v7e-m/crtbegin.o
 .eh_frame      0x0000000000000ff0        0x4 /usr/bin/../lib/gcc/arm-none-eabi/6.3.1/thumb/v7e-m/crtend.o

.ARM.exidx      0x0000000000000ff4        0x8
                0x0000000000000ff4                __exidx_start = .
 *(.ARM.exidx* .gnu.linkonce.armexidx.*)
 .ARM.exidx     0x0000000000000ff4        0x8 /usr/bin/../lib/gcc/arm-none-eabi/6.3.1/../../../../arm-none-eabi/lib/thumb/v7e-m/crt0.o
                0x0000000000000ffc                __exidx_end = .

.ARM.extab      0x0000000000000ffc        0x0
 *(.ARM.extab* .gnu.linkonce.armextab.*)
 .ARM.extab     0x0000000000000ffc        0x0 /usr/bin/../lib/gcc/arm-none-eabi/6.3.1/../../../../arm-none-eabi/lib/thumb/v7e-m/crt0.o
                0x0000000000000ffc                __etext = .

.rel.dyn        0x0000000000000ffc        0x0
 .rel.iplt      0x0000000000000ffc        0x0 /usr/bin/../lib/gcc/arm-none-eabi/6.3.1/thumb/v7e-m/crtbegin.o

.data           0x0000000020000000      0x43c load address 0x0000000000000ffc
                0x0000000000000ffc                __data_load__ = LOADADDR (.data)
                0x0000000020000000                __data_start__ = .
 *(.data)
 .data          0x0000000020000000        0x0 /usr/bin/../lib/gcc/arm-none-eabi/6.3.1/thumb/v7e-m/crti.o
 .data          0x0000000020000000        0x4 /usr/bin/../lib/gcc/arm-none-eabi/6.3.1/thumb/v7e-m/crtbegin.o
                0x0000000020000000                __dso_handle
 .data          0x0000000020000004        0x0 /usr/bin/../lib/gcc/arm-none-eabi/6.3.1/../../../../arm-none-eabi/lib/thumb/v7e-m/crt0.o
 .data          0x0000000020000004        0x0 /tmp/cc45HTuO.o
 .data          0x0000000020000004        0x0 /tmp/ccDp0qd5.o
 .data          0x0000000020000004        0x0 /tmp/ccstKZ1l.o
 .data          0x0000000020000004        0x0 /tmp/ccukhuVC.o
 .data          0x0000000020000004        0x4 /tmp/ccvSFMVT.o
                0x0000000020000004                SystemCoreClock
 .data          0x0000000020000008        0x0 /usr/bin/../lib/gcc/arm-none-eabi/6.3.1/thumb/v7e-m/libgcc.a(_arm_addsubsf3.o)
 .data          0x0000000020000008        0x0 /usr/bin/../lib/gcc/arm-none-eabi/6.3.1/thumb/v7e-m/libgcc.a(_arm_muldivsf3.o)
 .data          0x0000000020000008        0x0 /usr/bin/../lib/gcc/arm-none-eabi/6.3.1/thumb/v7e-m/libgcc.a(_arm_fixunssfsi.o)
 .data          0x0000000020000008        0x0 /usr/bin/../lib/gcc/arm-none-eabi/6.3.1/../../../../arm-none-eabi/lib/thumb/v7e-m/libc.a(lib_a-exit.o)
 .data          0x0000000020000008        0x0 /usr/bin/../lib/gcc/arm-none-eabi/6.3.1/../../../../arm-none-eabi/lib/thumb/v7e-m/libc.a(lib_a-impure.o)
 .data          0x0000000020000008        0x0 /usr/bin/../lib/gcc/arm-none-eabi/6.3.1/../../../../arm-none-eabi/lib/thumb/v7e-m/libc.a(lib_a-init.o)
 .data          0x0000000020000008        0x0 /usr/bin/../lib/gcc/arm-none-eabi/6.3.1/../../../../arm-none-eabi/lib/thumb/v7e-m/libc.a(lib_a-memset.o)
 .data          0x0000000020000008        0x0 /usr/bin/../lib/gcc/arm-none-eabi/6.3.1/../../../../arm-none-eabi/lib/thumb/v7e-m/libc.a(lib_a-__call_atexit.o)
 .data          0x0000000020000008        0x0 /usr/bin/../lib/gcc/arm-none-eabi/6.3.1/../../../../arm-none-eabi/lib/thumb/v7e-m/libc.a(lib_a-atexit.o)
 .data          0x0000000020000008        0x0 /usr/bin/../lib/gcc/arm-none-eabi/6.3.1/../../../../arm-none-eabi/lib/thumb/v7e-m/libc.a(lib_a-fini.o)
 .data          0x0000000020000008        0x0 /usr/bin/../lib/gcc/arm-none-eabi/6.3.1/../../../../arm-none-eabi/lib/thumb/v7e-m/libc.a(lib_a-lock.o)
 .data          0x0000000020000008        0x0 /usr/bin/../lib/gcc/arm-none-eabi/6.3.1/../../../../arm-none-eabi/lib/thumb/v7e-m/libc.a(lib_a-__atexit.o)
 .data          0x0000000020000008        0x0 /usr/bin/../lib/gcc/arm-none-eabi/6.3.1/../../../../arm-none-eabi/lib/thumb/v7e-m/libnosys.a(_exit.o)
 .data          0x0000000020000008        0x0 /usr/bin/../lib/gcc/arm-none-eabi/6.3.1/thumb/v7e-m/crtend.o
 .data          0x0000000020000008        0x0 /usr/bin/../lib/gcc/arm-none-eabi/6.3.1/thumb/v7e-m/crtn.o
 *(.data*)
 .data._impure_ptr
                0x0000000020000008        0x4 /usr/bin/../lib/gcc/arm-none-eabi/6.3.1/../../../../arm-none-eabi/lib/thumb/v7e-m/libc.a(lib_a-impure.o)
                0x0000000020000008                _impure_ptr
 *fill*         0x000000002000000c        0x4 
 .data.impure_data
                0x0000000020000010      0x428 /usr/bin/../lib/gcc/arm-none-eabi/6.3.1/../../../../arm-none-eabi/lib/thumb/v7e-m/libc.a(lib_a-impure.o)
 .data.__atexit_recursive_mutex
                0x0000000020000438        0x4 /usr/bin/../lib/gcc/arm-none-eabi/6.3.1/../../../../arm-none-eabi/lib/thumb/v7e-m/libc.a(lib_a-__call_atexit.o)
                0x0000000020000438                __atexit_recursive_mutex
                0x000000002000043c                . = ALIGN (0x4)
                0x000000002000043c                __data_end__ = .

.jcr            0x000000002000043c        0x4 load address 0x0000000000001438
 .jcr           0x000000002000043c        0x0 /usr/bin/../lib/gcc/arm-none-eabi/6.3.1/thumb/v7e-m/crtbegin.o
 .jcr           0x000000002000043c        0x4 /usr/bin/../lib/gcc/arm-none-eabi/6.3.1/thumb/v7e-m/crtend.o

.igot.plt       0x0000000020000440        0x0 load address 0x000000000000143c
 .igot.plt      0x0000000020000440        0x0 /usr/bin/../lib/gcc/arm-none-eabi/6.3.1/thumb/v7e-m/crtbegin.o

.bss            0x0000000020000440       0x4c
                0x0000000020000440                __bss_start__ = .
 *(.shbss)
 *(.bss)
 .bss           0x0000000020000440        0x0 /usr/bin/../lib/gcc/arm-none-eabi/6.3.1/thumb/v7e-m/crti.o
 .bss           0x0000000020000440       0x1c /usr/bin/../lib/gcc/arm-none-eabi/6.3.1/thumb/v7e-m/crtbegin.o
 .bss           0x000000002000045c        0x0 /usr/bin/../lib/gcc/arm-none-eabi/6.3.1/../../../../arm-none-eabi/lib/thumb/v7e-m/crt0.o
 .bss           0x000000002000045c        0x0 /tmp/cc45HTuO.o
 .bss           0x000000002000045c        0x0 /tmp/ccDp0qd5.o
 .bss           0x000000002000045c        0x0 /tmp/ccstKZ1l.o
 .bss           0x000000002000045c        0x0 /tmp/ccukhuVC.o
 .bss           0x000000002000045c        0x0 /tmp/ccvSFMVT.o
 .bss           0x000000002000045c        0x0 /usr/bin/../lib/gcc/arm-none-eabi/6.3.1/thumb/v7e-m/libgcc.a(_arm_addsubsf3.o)
 .bss           0x000000002000045c        0x0 /usr/bin/../lib/gcc/arm-none-eabi/6.3.1/thumb/v7e-m/libgcc.a(_arm_muldivsf3.o)
 .bss           0x000000002000045c        0x0 /usr/bin/../lib/gcc/arm-none-eabi/6.3.1/thumb/v7e-m/libgcc.a(_arm_fixunssfsi.o)
 .bss           0x000000002000045c        0x0 /usr/bin/../lib/gcc/arm-none-eabi/6.3.1/../../../../arm-none-eabi/lib/thumb/v7e-m/libc.a(lib_a-exit.o)
 .bss           0x000000002000045c        0x0 /usr/bin/../lib/gcc/arm-none-eabi/6.3.1/../../../../arm-none-eabi/lib/thumb/v7e-m/libc.a(lib_a-impure.o)
 .bss           0x000000002000045c        0x0 /usr/bin/../lib/gcc/arm-none-eabi/6.3.1/../../../../arm-none-eabi/lib/thumb/v7e-m/libc.a(lib_a-init.o)
 .bss           0x000000002000045c        0x0 /usr/bin/../lib/gcc/arm-none-eabi/6.3.1/../../../../arm-none-eabi/lib/thumb/v7e-m/libc.a(lib_a-memset.o)
 .bss           0x000000002000045c        0x0 /usr/bin/../lib/gcc/arm-none-eabi/6.3.1/../../../../arm-none-eabi/lib/thumb/v7e-m/libc.a(lib_a-__call_atexit.o)
 .bss           0x000000002000045c        0x0 /usr/bin/../lib/gcc/arm-none-eabi/6.3.1/../../../../arm-none-eabi/lib/thumb/v7e-m/libc.a(lib_a-atexit.o)
 .bss           0x000000002000045c        0x0 /usr/bin/../lib/gcc/arm-none-eabi/6.3.1/../../../../arm-none-eabi/lib/thumb/v7e-m/libc.a(lib_a-fini.o)
 .bss           0x000000002000045c        0x0 /usr/bin/../lib/gcc/arm-none-eabi/6.3.1/../../../../arm-none-eabi/lib/thumb/v7e-m/libc.a(lib_a-lock.o)
 .bss           0x000000002000045c        0x0 /usr/bin/../lib/gcc/arm-none-eabi/6.3.1/../../../../arm-none-eabi/lib/thumb/v7e-m/libc.a(lib_a-__atexit.o)
 .bss           0x000000002000045c        0x0 /usr/bin/../lib/gcc/arm-none-eabi/6.3.1/../../../../arm-none-eabi/lib/thumb/v7e-m/libnosys.a(_exit.o)
 .bss           0x000000002000045c        0x0 /usr/bin/../lib/gcc/arm-none-eabi/6.3.1/thumb/v7e-m/crtend.o
 .bss           0x000000002000045c        0x0 /usr/bin/../lib/gcc/arm-none-eabi/6.3.1/thumb/v7e-m/crtn.o
 *(.bss.*)
 *(COMMON)
 COMMON         0x000000002000045c        0xa /tmp/cc45HTuO.o
                0x000000002000045c                buffer
 *fill*         0x0000000020000466        0x2 
 COMMON         0x0000000020000468       0x21 /usr/bin/../lib/gcc/arm-none-eabi/6.3.1/../../../../arm-none-eabi/lib/thumb/v7e-m/libc.a(lib_a-lock.o)
                0x0000000020000468                __lock___atexit_recursive_mutex
                0x000000002000046c                __lock___arc4random_mutex
                0x0000000020000470                __lock___env_recursive_mutex
                0x0000000020000474                __lock___sinit_recursive_mutex
                0x0000000020000478                __lock___malloc_recursive_mutex
                0x000000002000047c                __lock___at_quick_exit_mutex
                0x0000000020000480                __lock___dd_hash_mutex
                0x0000000020000484                __lock___tz_mutex
                0x0000000020000488                __lock___sfp_recursive_mutex
                0x000000002000048c                . = ALIGN (0x4)
 *fill*         0x0000000020000489        0x3 
                0x000000002000048c                __bss_end__ = .

.heap           0x000000002000048c        0x0
                0x000000002000048c                __heap_start__ = .
                0x000000002000048c                end = __heap_start__
                0x000000002000048c                _end = end
                0x000000002000048c                __end = end
 *(.heap)
                0x000000002000048c                __heap_end__ = .
                0x000000002000048c                __HeapLimit = __heap_end__

.stack          0x0000000020000490        0x0
                0x0000000020000490                _stack = .
                0x0000000020000490                __stack = .
 *(.stack)
OUTPUT(main.out elf32-littlearm)

.ARM.attributes
                0x0000000000000000       0x2a
 .ARM.attributes
                0x0000000000000000       0x1e /usr/bin/../lib/gcc/arm-none-eabi/6.3.1/thumb/v7e-m/crti.o
 .ARM.attributes
                0x000000000000001e       0x2e /usr/bin/../lib/gcc/arm-none-eabi/6.3.1/thumb/v7e-m/crtbegin.o
 .ARM.attributes
                0x000000000000004c       0x1c /usr/bin/../lib/gcc/arm-none-eabi/6.3.1/../../../../arm-none-eabi/lib/thumb/v7e-m/crt0.o
 .ARM.attributes
                0x0000000000000068       0x33 /tmp/cc45HTuO.o
 .ARM.attributes
                0x000000000000009b       0x33 /tmp/ccDp0qd5.o
 .ARM.attributes
                0x00000000000000ce       0x33 /tmp/ccstKZ1l.o
 .ARM.attributes
                0x0000000000000101       0x33 /tmp/ccukhuVC.o
 .ARM.attributes
                0x0000000000000134       0x33 /tmp/ccvSFMVT.o
 .ARM.attributes
                0x0000000000000167       0x1e /usr/bin/../lib/gcc/arm-none-eabi/6.3.1/thumb/v7e-m/libgcc.a(_arm_addsubsf3.o)
 .ARM.attributes
                0x0000000000000185       0x1e /usr/bin/../lib/gcc/arm-none-eabi/6.3.1/thumb/v7e-m/libgcc.a(_arm_muldivsf3.o)
 .ARM.attributes
                0x00000000000001a3       0x1e /usr/bin/../lib/gcc/arm-none-eabi/6.3.1/thumb/v7e-m/libgcc.a(_arm_fixunssfsi.o)
 .ARM.attributes
                0x00000000000001c1       0x2e /usr/bin/../lib/gcc/arm-none-eabi/6.3.1/../../../../arm-none-eabi/lib/thumb/v7e-m/libc.a(lib_a-exit.o)
 .ARM.attributes
                0x00000000000001ef       0x2e /usr/bin/../lib/gcc/arm-none-eabi/6.3.1/../../../../arm-none-eabi/lib/thumb/v7e-m/libc.a(lib_a-impure.o)
 .ARM.attributes
                0x000000000000021d       0x2e /usr/bin/../lib/gcc/arm-none-eabi/6.3.1/../../../../arm-none-eabi/lib/thumb/v7e-m/libc.a(lib_a-init.o)
 .ARM.attributes
                0x000000000000024b       0x2e /usr/bin/../lib/gcc/arm-none-eabi/6.3.1/../../../../arm-none-eabi/lib/thumb/v7e-m/libc.a(lib_a-memset.o)
 .ARM.attributes
                0x0000000000000279       0x2e /usr/bin/../lib/gcc/arm-none-eabi/6.3.1/../../../../arm-none-eabi/lib/thumb/v7e-m/libc.a(lib_a-__call_atexit.o)
 .ARM.attributes
                0x00000000000002a7       0x2e /usr/bin/../lib/gcc/arm-none-eabi/6.3.1/../../../../arm-none-eabi/lib/thumb/v7e-m/libc.a(lib_a-atexit.o)
 .ARM.attributes
                0x00000000000002d5       0x2e /usr/bin/../lib/gcc/arm-none-eabi/6.3.1/../../../../arm-none-eabi/lib/thumb/v7e-m/libc.a(lib_a-fini.o)
 .ARM.attributes
                0x0000000000000303       0x2e /usr/bin/../lib/gcc/arm-none-eabi/6.3.1/../../../../arm-none-eabi/lib/thumb/v7e-m/libc.a(lib_a-lock.o)
 .ARM.attributes
                0x0000000000000331       0x2e /usr/bin/../lib/gcc/arm-none-eabi/6.3.1/../../../../arm-none-eabi/lib/thumb/v7e-m/libc.a(lib_a-__atexit.o)
 .ARM.attributes
                0x000000000000035f       0x2e /usr/bin/../lib/gcc/arm-none-eabi/6.3.1/../../../../arm-none-eabi/lib/thumb/v7e-m/libnosys.a(_exit.o)
 .ARM.attributes
                0x000000000000038d       0x2e /usr/bin/../lib/gcc/arm-none-eabi/6.3.1/thumb/v7e-m/crtend.o
 .ARM.attributes
                0x00000000000003bb       0x1e /usr/bin/../lib/gcc/arm-none-eabi/6.3.1/thumb/v7e-m/crtn.o

.comment        0x0000000000000000       0x7f
 .comment       0x0000000000000000       0x7f /tmp/cc45HTuO.o
                                         0x80 (size before relaxing)
 .comment       0x000000000000007f       0x80 /tmp/ccDp0qd5.o
 .comment       0x000000000000007f       0x80 /tmp/ccstKZ1l.o
 .comment       0x000000000000007f       0x80 /tmp/ccukhuVC.o
 .comment       0x000000000000007f       0x80 /tmp/ccvSFMVT.o

.debug_frame    0x0000000000000000      0x2e4
 .debug_frame   0x0000000000000000       0x4c /usr/bin/../lib/gcc/arm-none-eabi/6.3.1/thumb/v7e-m/libgcc.a(_arm_addsubsf3.o)
 .debug_frame   0x000000000000004c       0x38 /usr/bin/../lib/gcc/arm-none-eabi/6.3.1/thumb/v7e-m/libgcc.a(_arm_muldivsf3.o)
 .debug_frame   0x0000000000000084       0x24 /usr/bin/../lib/gcc/arm-none-eabi/6.3.1/thumb/v7e-m/libgcc.a(_arm_fixunssfsi.o)
 .debug_frame   0x00000000000000a8       0x28 /usr/bin/../lib/gcc/arm-none-eabi/6.3.1/../../../../arm-none-eabi/lib/thumb/v7e-m/libc.a(lib_a-exit.o)
 .debug_frame   0x00000000000000d0       0x2c /usr/bin/../lib/gcc/arm-none-eabi/6.3.1/../../../../arm-none-eabi/lib/thumb/v7e-m/libc.a(lib_a-init.o)
 .debug_frame   0x00000000000000fc       0x34 /usr/bin/../lib/gcc/arm-none-eabi/6.3.1/../../../../arm-none-eabi/lib/thumb/v7e-m/libc.a(lib_a-memset.o)
 .debug_frame   0x0000000000000130       0x5c /usr/bin/../lib/gcc/arm-none-eabi/6.3.1/../../../../arm-none-eabi/lib/thumb/v7e-m/libc.a(lib_a-__call_atexit.o)
 .debug_frame   0x000000000000018c       0x20 /usr/bin/../lib/gcc/arm-none-eabi/6.3.1/../../../../arm-none-eabi/lib/thumb/v7e-m/libc.a(lib_a-atexit.o)
 .debug_frame   0x00000000000001ac       0x34 /usr/bin/../lib/gcc/arm-none-eabi/6.3.1/../../../../arm-none-eabi/lib/thumb/v7e-m/libc.a(lib_a-fini.o)
 .debug_frame   0x00000000000001e0       0xb0 /usr/bin/../lib/gcc/arm-none-eabi/6.3.1/../../../../arm-none-eabi/lib/thumb/v7e-m/libc.a(lib_a-lock.o)
 .debug_frame   0x0000000000000290       0x34 /usr/bin/../lib/gcc/arm-none-eabi/6.3.1/../../../../arm-none-eabi/lib/thumb/v7e-m/libc.a(lib_a-__atexit.o)
 .debug_frame   0x00000000000002c4       0x20 /usr/bin/../lib/gcc/arm-none-eabi/6.3.1/../../../../arm-none-eabi/lib/thumb/v7e-m/libnosys.a(_exit.o)
